Copyright 1986-2022 Xilinx, Inc. All Rights Reserved. Copyright 2022-2024 Advanced Micro Devices, Inc. All Rights Reserved.
---------------------------------------------------------------------------------------------------------------------------------------------------------------------------------------------------------
| Tool Version : Vivado v.2024.2 (win64) Build 5239630 Fri Nov 08 22:35:27 MST 2024
| Date         : Mon Nov 24 09:23:25 2025
| Host         : Kuby_Komputer running 64-bit major release  (build 9200)
| Command      : report_timing_summary -max_paths 10 -report_unconstrained -file main_timing_summary_routed.rpt -pb main_timing_summary_routed.pb -rpx main_timing_summary_routed.rpx -warn_on_violation
| Design       : main
| Device       : 7a100t-csg324
| Speed File   : -1  PRODUCTION 1.23 2018-06-13
| Design State : Routed
---------------------------------------------------------------------------------------------------------------------------------------------------------------------------------------------------------

Timing Summary Report

------------------------------------------------------------------------------------------------
| Timer Settings
| --------------
------------------------------------------------------------------------------------------------

  Enable Multi Corner Analysis               :  Yes
  Enable Pessimism Removal                   :  Yes
  Pessimism Removal Resolution               :  Nearest Common Node
  Enable Input Delay Default Clock           :  No
  Enable Preset / Clear Arcs                 :  No
  Disable Flight Delays                      :  No
  Ignore I/O Paths                           :  No
  Timing Early Launch at Borrowing Latches   :  No
  Borrow Time for Max Delay Exceptions       :  Yes
  Merge Timing Exceptions                    :  Yes
  Inter-SLR Compensation                     :  Conservative

  Corner  Analyze    Analyze    
  Name    Max Paths  Min Paths  
  ------  ---------  ---------  
  Slow    Yes        Yes        
  Fast    Yes        Yes        


------------------------------------------------------------------------------------------------
| Report Methodology
| ------------------
------------------------------------------------------------------------------------------------

Rule       Severity          Description                   Violations  
---------  ----------------  ----------------------------  ----------  
TIMING-17  Critical Warning  Non-clocked sequential cell   94          
LUTAR-1    Warning           LUT drives async reset alert  2           

Note: This report is based on the most recent report_methodology run and may not be up-to-date. Run report_methodology on the current design for the latest report.



check_timing report

Table of Contents
-----------------
1. checking no_clock (103)
2. checking constant_clock (0)
3. checking pulse_width_clock (0)
4. checking unconstrained_internal_endpoints (179)
5. checking no_input_delay (5)
6. checking no_output_delay (20)
7. checking multiple_clock (0)
8. checking generated_clocks (0)
9. checking loops (0)
10. checking partial_input_delay (0)
11. checking partial_output_delay (0)
12. checking latch_loops (0)

1. checking no_clock (103)
--------------------------
 There are 55 register/latch pins with no clock driven by root clock pin: CLK (HIGH)

 There are 3 register/latch pins with no clock driven by root clock pin: JackMach/cnt_run_state_reg[0]/Q (HIGH)

 There are 3 register/latch pins with no clock driven by root clock pin: JackMach/cnt_run_state_reg[1]/Q (HIGH)

 There are 3 register/latch pins with no clock driven by root clock pin: JackMach/cnt_run_state_reg[2]/Q (HIGH)

 There are 30 register/latch pins with no clock driven by root clock pin: div/BUF_reg[12]/Q (HIGH)

 There are 9 register/latch pins with no clock driven by root clock pin: div/BUF_reg[20]/Q (HIGH)


2. checking constant_clock (0)
------------------------------
 There are 0 register/latch pins with constant_clock.


3. checking pulse_width_clock (0)
---------------------------------
 There are 0 register/latch pins which need pulse_width check


4. checking unconstrained_internal_endpoints (179)
--------------------------------------------------
 There are 179 pins that are not constrained for maximum delay. (HIGH)

 There are 0 pins that are not constrained for maximum delay due to constant clock.


5. checking no_input_delay (5)
------------------------------
 There are 5 input ports with no input delay specified. (HIGH)

 There are 0 input ports with no input delay but user has a false path constraint.


6. checking no_output_delay (20)
--------------------------------
 There are 20 ports with no output delay specified. (HIGH)

 There are 0 ports with no output delay but user has a false path constraint

 There are 0 ports with no output delay but with a timing clock defined on it or propagating through it


7. checking multiple_clock (0)
------------------------------
 There are 0 register/latch pins with multiple clocks.


8. checking generated_clocks (0)
--------------------------------
 There are 0 generated clocks that are not connected to a clock source.


9. checking loops (0)
---------------------
 There are 0 combinational loops in the design.


10. checking partial_input_delay (0)
------------------------------------
 There are 0 input ports with partial input delay specified.


11. checking partial_output_delay (0)
-------------------------------------
 There are 0 ports with partial output delay specified.


12. checking latch_loops (0)
----------------------------
 There are 0 combinational latch loops in the design through latch input



------------------------------------------------------------------------------------------------
| Design Timing Summary
| ---------------------
------------------------------------------------------------------------------------------------

    WNS(ns)      TNS(ns)  TNS Failing Endpoints  TNS Total Endpoints      WHS(ns)      THS(ns)  THS Failing Endpoints  THS Total Endpoints     WPWS(ns)     TPWS(ns)  TPWS Failing Endpoints  TPWS Total Endpoints  
    -------      -------  ---------------------  -------------------      -------      -------  ---------------------  -------------------     --------     --------  ----------------------  --------------------  
        inf        0.000                      0                  199          inf        0.000                      0                  199           NA           NA                      NA                    NA  


There are no user specified timing constraints.


------------------------------------------------------------------------------------------------
| Clock Summary
| -------------
------------------------------------------------------------------------------------------------


------------------------------------------------------------------------------------------------
| Intra Clock Table
| -----------------
------------------------------------------------------------------------------------------------

Clock             WNS(ns)      TNS(ns)  TNS Failing Endpoints  TNS Total Endpoints      WHS(ns)      THS(ns)  THS Failing Endpoints  THS Total Endpoints     WPWS(ns)     TPWS(ns)  TPWS Failing Endpoints  TPWS Total Endpoints  
-----             -------      -------  ---------------------  -------------------      -------      -------  ---------------------  -------------------     --------     --------  ----------------------  --------------------  


------------------------------------------------------------------------------------------------
| Inter Clock Table
| -----------------
------------------------------------------------------------------------------------------------

From Clock    To Clock          WNS(ns)      TNS(ns)  TNS Failing Endpoints  TNS Total Endpoints      WHS(ns)      THS(ns)  THS Failing Endpoints  THS Total Endpoints  
----------    --------          -------      -------  ---------------------  -------------------      -------      -------  ---------------------  -------------------  


------------------------------------------------------------------------------------------------
| Other Path Groups Table
| -----------------------
------------------------------------------------------------------------------------------------

Path Group    From Clock    To Clock          WNS(ns)      TNS(ns)  TNS Failing Endpoints  TNS Total Endpoints      WHS(ns)      THS(ns)  THS Failing Endpoints  THS Total Endpoints  
----------    ----------    --------          -------      -------  ---------------------  -------------------      -------      -------  ---------------------  -------------------  


------------------------------------------------------------------------------------------------
| User Ignored Path Table
| -----------------------
------------------------------------------------------------------------------------------------

Path Group    From Clock    To Clock    
----------    ----------    --------    


------------------------------------------------------------------------------------------------
| Unconstrained Path Table
| ------------------------
------------------------------------------------------------------------------------------------

Path Group    From Clock    To Clock    
----------    ----------    --------    
(none)                                    


------------------------------------------------------------------------------------------------
| Timing Details
| --------------
------------------------------------------------------------------------------------------------


--------------------------------------------------------------------------------------
Path Group:  (none)
From Clock:  
  To Clock:  

Max Delay           199 Endpoints
Min Delay           199 Endpoints
--------------------------------------------------------------------------------------


Max Delay Paths
--------------------------------------------------------------------------------------
Slack:                    inf
  Source:                 ctr0/ff2/tmp_reg/C
                            (rising edge-triggered cell FDCE)
  Destination:            Yseg7[3]
                            (output port)
  Path Group:             (none)
  Path Type:              Max at Slow Process Corner
  Data Path Delay:        10.909ns  (logic 4.954ns (45.413%)  route 5.955ns (54.587%))
  Logic Levels:           5  (FDCE=1 LUT5=1 LUT6=2 OBUF=1)

    Location             Delay type                Incr(ns)  Path(ns)    Netlist Resource(s)
  -------------------------------------------------------------------    -------------------
    SLICE_X0Y85          FDCE                         0.000     0.000 r  ctr0/ff2/tmp_reg/C
    SLICE_X0Y85          FDCE (Prop_fdce_C_Q)         0.627     0.627 r  ctr0/ff2/tmp_reg/Q
                         net (fo=12, routed)          1.618     2.245    ctr0/ff1/Yseg7_OBUF[0]_inst_i_1
    SLICE_X2Y86          LUT5 (Prop_lut5_I3_O)        0.325     2.570 r  ctr0/ff1/Yseg7_OBUF[0]_inst_i_3/O
                         net (fo=1, routed)           0.845     3.416    ctr1/ff1/Yseg7[0]_2
    SLICE_X2Y86          LUT6 (Prop_lut6_I1_O)        0.328     3.744 r  ctr1/ff1/Yseg7_OBUF[0]_inst_i_1/O
                         net (fo=2, routed)           0.818     4.562    ctr2/ff2/Yseg7[3]_0[0]
    SLICE_X0Y86          LUT6 (Prop_lut6_I5_O)        0.124     4.686 r  ctr2/ff2/Yseg7_OBUF[3]_inst_i_1/O
                         net (fo=1, routed)           2.673     7.359    Yseg7_OBUF[3]
    K13                  OBUF (Prop_obuf_I_O)         3.550    10.909 r  Yseg7_OBUF[3]_inst/O
                         net (fo=0)                   0.000    10.909    Yseg7[3]
    K13                                                               r  Yseg7[3] (OUT)
  -------------------------------------------------------------------    -------------------

Slack:                    inf
  Source:                 ctr0/ff2/tmp_reg/C
                            (rising edge-triggered cell FDCE)
  Destination:            Yseg7[0]
                            (output port)
  Path Group:             (none)
  Path Type:              Max at Slow Process Corner
  Data Path Delay:        10.102ns  (logic 4.857ns (48.082%)  route 5.245ns (51.918%))
  Logic Levels:           4  (FDCE=1 LUT5=1 LUT6=1 OBUF=1)

    Location             Delay type                Incr(ns)  Path(ns)    Netlist Resource(s)
  -------------------------------------------------------------------    -------------------
    SLICE_X0Y85          FDCE                         0.000     0.000 r  ctr0/ff2/tmp_reg/C
    SLICE_X0Y85          FDCE (Prop_fdce_C_Q)         0.627     0.627 r  ctr0/ff2/tmp_reg/Q
                         net (fo=12, routed)          1.618     2.245    ctr0/ff1/Yseg7_OBUF[0]_inst_i_1
    SLICE_X2Y86          LUT5 (Prop_lut5_I3_O)        0.325     2.570 r  ctr0/ff1/Yseg7_OBUF[0]_inst_i_3/O
                         net (fo=1, routed)           0.845     3.416    ctr1/ff1/Yseg7[0]_2
    SLICE_X2Y86          LUT6 (Prop_lut6_I1_O)        0.328     3.744 r  ctr1/ff1/Yseg7_OBUF[0]_inst_i_1/O
                         net (fo=2, routed)           2.781     6.524    Yseg7_OBUF[0]
    T10                  OBUF (Prop_obuf_I_O)         3.577    10.102 r  Yseg7_OBUF[0]_inst/O
                         net (fo=0)                   0.000    10.102    Yseg7[0]
    T10                                                               r  Yseg7[0] (OUT)
  -------------------------------------------------------------------    -------------------

Slack:                    inf
  Source:                 Sig_tmp_reg[1]/C
                            (rising edge-triggered cell FDRE)
  Destination:            Yseg7[1]
                            (output port)
  Path Group:             (none)
  Path Type:              Max at Slow Process Corner
  Data Path Delay:        9.640ns  (logic 4.259ns (44.187%)  route 5.380ns (55.813%))
  Logic Levels:           4  (FDRE=1 LUT2=1 LUT6=1 OBUF=1)

    Location             Delay type                Incr(ns)  Path(ns)    Netlist Resource(s)
  -------------------------------------------------------------------    -------------------
    SLICE_X0Y89          FDRE                         0.000     0.000 r  Sig_tmp_reg[1]/C
    SLICE_X0Y89          FDRE (Prop_fdre_C_Q)         0.456     0.456 r  Sig_tmp_reg[1]/Q
                         net (fo=21, routed)          1.317     1.773    ctr2/ff2/Q[1]
    SLICE_X0Y85          LUT2 (Prop_lut2_I1_O)        0.124     1.897 f  ctr2/ff2/Yan7_OBUF[2]_inst_i_1/O
                         net (fo=4, routed)           1.151     3.048    ctr2/ff2/Sig_tmp_reg[0]
    SLICE_X1Y85          LUT6 (Prop_lut6_I1_O)        0.124     3.172 r  ctr2/ff2/Yseg7_OBUF[1]_inst_i_1/O
                         net (fo=1, routed)           2.912     6.084    Yseg7_OBUF[1]
    R10                  OBUF (Prop_obuf_I_O)         3.555     9.640 r  Yseg7_OBUF[1]_inst/O
                         net (fo=0)                   0.000     9.640    Yseg7[1]
    R10                                                               r  Yseg7[1] (OUT)
  -------------------------------------------------------------------    -------------------

Slack:                    inf
  Source:                 ctr0/ff1/tmp_reg/C
                            (rising edge-triggered cell FDCE)
  Destination:            Yseg7[5]
                            (output port)
  Path Group:             (none)
  Path Type:              Max at Slow Process Corner
  Data Path Delay:        9.529ns  (logic 4.597ns (48.239%)  route 4.932ns (51.761%))
  Logic Levels:           5  (FDCE=1 LUT5=1 LUT6=2 OBUF=1)

    Location             Delay type                Incr(ns)  Path(ns)    Netlist Resource(s)
  -------------------------------------------------------------------    -------------------
    SLICE_X0Y85          FDCE                         0.000     0.000 r  ctr0/ff1/tmp_reg/C
    SLICE_X0Y85          FDCE (Prop_fdce_C_Q)         0.664     0.664 r  ctr0/ff1/tmp_reg/Q
                         net (fo=13, routed)          1.089     1.753    ctr0/ff2/Yseg7_OBUF[5]_inst_i_2
    SLICE_X0Y86          LUT5 (Prop_lut5_I1_O)        0.124     1.877 r  ctr0/ff2/Yseg7_OBUF[5]_inst_i_4/O
                         net (fo=1, routed)           0.669     2.546    ctr2/ff0/Yseg7_OBUF[5]_inst_i_1
    SLICE_X0Y86          LUT6 (Prop_lut6_I1_O)        0.124     2.670 r  ctr2/ff0/Yseg7_OBUF[5]_inst_i_2/O
                         net (fo=1, routed)           0.817     3.487    ctr1/ff1/Yseg7[5]
    SLICE_X0Y85          LUT6 (Prop_lut6_I0_O)        0.124     3.611 r  ctr1/ff1/Yseg7_OBUF[5]_inst_i_1/O
                         net (fo=1, routed)           2.357     5.968    Yseg7_OBUF[5]
    T11                  OBUF (Prop_obuf_I_O)         3.561     9.529 r  Yseg7_OBUF[5]_inst/O
                         net (fo=0)                   0.000     9.529    Yseg7[5]
    T11                                                               r  Yseg7[5] (OUT)
  -------------------------------------------------------------------    -------------------

Slack:                    inf
  Source:                 ctr0/ff2/tmp_reg/C
                            (rising edge-triggered cell FDCE)
  Destination:            Yseg7[4]
                            (output port)
  Path Group:             (none)
  Path Type:              Max at Slow Process Corner
  Data Path Delay:        9.353ns  (logic 4.708ns (50.332%)  route 4.645ns (49.668%))
  Logic Levels:           5  (FDCE=1 LUT2=1 LUT6=2 OBUF=1)

    Location             Delay type                Incr(ns)  Path(ns)    Netlist Resource(s)
  -------------------------------------------------------------------    -------------------
    SLICE_X0Y85          FDCE                         0.000     0.000 r  ctr0/ff2/tmp_reg/C
    SLICE_X0Y85          FDCE (Prop_fdce_C_Q)         0.627     0.627 r  ctr0/ff2/tmp_reg/Q
                         net (fo=12, routed)          1.618     2.245    ctr0/ff1/Yseg7_OBUF[0]_inst_i_1
    SLICE_X2Y86          LUT2 (Prop_lut2_I1_O)        0.299     2.544 f  ctr0/ff1/Yseg7_OBUF[4]_inst_i_5/O
                         net (fo=1, routed)           0.313     2.858    ctr1/ff2/Yseg7_OBUF[4]_inst_i_1_0
    SLICE_X2Y85          LUT6 (Prop_lut6_I0_O)        0.124     2.982 r  ctr1/ff2/Yseg7_OBUF[4]_inst_i_2/O
                         net (fo=1, routed)           0.586     3.568    ctr1/ff2/Yseg7_OBUF[4]_inst_i_2_n_0
    SLICE_X1Y85          LUT6 (Prop_lut6_I0_O)        0.124     3.692 r  ctr1/ff2/Yseg7_OBUF[4]_inst_i_1/O
                         net (fo=1, routed)           2.127     5.819    Yseg7_OBUF[4]
    P15                  OBUF (Prop_obuf_I_O)         3.534     9.353 r  Yseg7_OBUF[4]_inst/O
                         net (fo=0)                   0.000     9.353    Yseg7[4]
    P15                                                               r  Yseg7[4] (OUT)
  -------------------------------------------------------------------    -------------------

Slack:                    inf
  Source:                 ctr0/ff0/tmp_reg/C
                            (rising edge-triggered cell FDCE)
  Destination:            Yseg7[2]
                            (output port)
  Path Group:             (none)
  Path Type:              Max at Slow Process Corner
  Data Path Delay:        9.138ns  (logic 4.529ns (49.561%)  route 4.609ns (50.439%))
  Logic Levels:           5  (FDCE=1 LUT6=3 OBUF=1)

    Location             Delay type                Incr(ns)  Path(ns)    Netlist Resource(s)
  -------------------------------------------------------------------    -------------------
    SLICE_X0Y85          FDCE                         0.000     0.000 r  ctr0/ff0/tmp_reg/C
    SLICE_X0Y85          FDCE (Prop_fdce_C_Q)         0.664     0.664 f  ctr0/ff0/tmp_reg/Q
                         net (fo=13, routed)          1.305     1.969    ctr0/ff2/Yseg7_OBUF[5]_inst_i_2_0
    SLICE_X1Y87          LUT6 (Prop_lut6_I4_O)        0.124     2.093 r  ctr0/ff2/Yseg7_OBUF[2]_inst_i_3/O
                         net (fo=1, routed)           0.804     2.897    ctr1/ff2/Yseg7_OBUF[2]_inst_i_1
    SLICE_X0Y87          LUT6 (Prop_lut6_I5_O)        0.124     3.021 r  ctr1/ff2/Yseg7_OBUF[2]_inst_i_2/O
                         net (fo=1, routed)           0.433     3.454    ctr2/ff2/Yseg7[2]_1
    SLICE_X0Y87          LUT6 (Prop_lut6_I5_O)        0.124     3.578 r  ctr2/ff2/Yseg7_OBUF[2]_inst_i_1/O
                         net (fo=1, routed)           2.067     5.645    Yseg7_OBUF[2]
    K16                  OBUF (Prop_obuf_I_O)         3.493     9.138 r  Yseg7_OBUF[2]_inst/O
                         net (fo=0)                   0.000     9.138    Yseg7[2]
    K16                                                               r  Yseg7[2] (OUT)
  -------------------------------------------------------------------    -------------------

Slack:                    inf
  Source:                 ctr1/ff0/tmp_reg/C
                            (rising edge-triggered cell FDCE)
  Destination:            Yseg7[6]
                            (output port)
  Path Group:             (none)
  Path Type:              Max at Slow Process Corner
  Data Path Delay:        8.831ns  (logic 4.567ns (51.717%)  route 4.264ns (48.283%))
  Logic Levels:           5  (FDCE=1 LUT5=1 LUT6=2 OBUF=1)

    Location             Delay type                Incr(ns)  Path(ns)    Netlist Resource(s)
  -------------------------------------------------------------------    -------------------
    SLICE_X3Y86          FDCE                         0.000     0.000 r  ctr1/ff0/tmp_reg/C
    SLICE_X3Y86          FDCE (Prop_fdce_C_Q)         0.658     0.658 r  ctr1/ff0/tmp_reg/Q
                         net (fo=13, routed)          1.356     2.014    ctr1/ff1/Yseg7[0]_0
    SLICE_X0Y87          LUT6 (Prop_lut6_I1_O)        0.124     2.138 r  ctr1/ff1/Yseg7_OBUF[6]_inst_i_3/O
                         net (fo=1, routed)           0.444     2.582    ctr2/ff0/Yseg7_OBUF[6]_inst_i_1
    SLICE_X0Y87          LUT5 (Prop_lut5_I0_O)        0.124     2.706 r  ctr2/ff0/Yseg7_OBUF[6]_inst_i_2/O
                         net (fo=1, routed)           0.640     3.345    ctr0/ff0/Yseg7[6]
    SLICE_X0Y89          LUT6 (Prop_lut6_I0_O)        0.124     3.469 r  ctr0/ff0/Yseg7_OBUF[6]_inst_i_1/O
                         net (fo=1, routed)           1.825     5.294    Yseg7_OBUF[6]
    L18                  OBUF (Prop_obuf_I_O)         3.537     8.831 r  Yseg7_OBUF[6]_inst/O
                         net (fo=0)                   0.000     8.831    Yseg7[6]
    L18                                                               r  Yseg7[6] (OUT)
  -------------------------------------------------------------------    -------------------

Slack:                    inf
  Source:                 Sig_tmp_reg[1]/C
                            (rising edge-triggered cell FDRE)
  Destination:            Yan7[2]
                            (output port)
  Path Group:             (none)
  Path Type:              Max at Slow Process Corner
  Data Path Delay:        8.414ns  (logic 4.154ns (49.375%)  route 4.259ns (50.625%))
  Logic Levels:           3  (FDRE=1 LUT2=1 OBUF=1)

    Location             Delay type                Incr(ns)  Path(ns)    Netlist Resource(s)
  -------------------------------------------------------------------    -------------------
    SLICE_X0Y89          FDRE                         0.000     0.000 r  Sig_tmp_reg[1]/C
    SLICE_X0Y89          FDRE (Prop_fdre_C_Q)         0.456     0.456 f  Sig_tmp_reg[1]/Q
                         net (fo=21, routed)          1.317     1.773    ctr2/ff2/Q[1]
    SLICE_X0Y85          LUT2 (Prop_lut2_I1_O)        0.124     1.897 r  ctr2/ff2/Yan7_OBUF[2]_inst_i_1/O
                         net (fo=4, routed)           2.942     4.839    Yan7_OBUF[2]
    T9                   OBUF (Prop_obuf_I_O)         3.574     8.414 r  Yan7_OBUF[2]_inst/O
                         net (fo=0)                   0.000     8.414    Yan7[2]
    T9                                                                r  Yan7[2] (OUT)
  -------------------------------------------------------------------    -------------------

Slack:                    inf
  Source:                 Sig_tmp_reg[0]/C
                            (rising edge-triggered cell FDRE)
  Destination:            Yan7[0]
                            (output port)
  Path Group:             (none)
  Path Type:              Max at Slow Process Corner
  Data Path Delay:        7.759ns  (logic 4.116ns (53.040%)  route 3.644ns (46.960%))
  Logic Levels:           3  (FDRE=1 LUT2=1 OBUF=1)

    Location             Delay type                Incr(ns)  Path(ns)    Netlist Resource(s)
  -------------------------------------------------------------------    -------------------
    SLICE_X1Y86          FDRE                         0.000     0.000 r  Sig_tmp_reg[0]/C
    SLICE_X1Y86          FDRE (Prop_fdre_C_Q)         0.456     0.456 r  Sig_tmp_reg[0]/Q
                         net (fo=21, routed)          1.539     1.995    S[0]
    SLICE_X0Y89          LUT2 (Prop_lut2_I0_O)        0.124     2.119 r  Yan7_OBUF[0]_inst_i_1/O
                         net (fo=1, routed)           2.105     4.224    Yan7_OBUF[0]
    J17                  OBUF (Prop_obuf_I_O)         3.536     7.759 r  Yan7_OBUF[0]_inst/O
                         net (fo=0)                   0.000     7.759    Yan7[0]
    J17                                                               r  Yan7[0] (OUT)
  -------------------------------------------------------------------    -------------------

Slack:                    inf
  Source:                 ctr0/ff2/tmp_reg/C
                            (rising edge-triggered cell FDCE)
  Destination:            Yout[2]
                            (output port)
  Path Group:             (none)
  Path Type:              Max at Slow Process Corner
  Data Path Delay:        7.602ns  (logic 4.355ns (57.282%)  route 3.247ns (42.718%))
  Logic Levels:           2  (FDCE=1 OBUF=1)

    Location             Delay type                Incr(ns)  Path(ns)    Netlist Resource(s)
  -------------------------------------------------------------------    -------------------
    SLICE_X0Y85          FDCE                         0.000     0.000 r  ctr0/ff2/tmp_reg/C
    SLICE_X0Y85          FDCE (Prop_fdce_C_Q)         0.627     0.627 r  ctr0/ff2/tmp_reg/Q
                         net (fo=12, routed)          3.247     3.874    Yout_OBUF[2]
    J13                  OBUF (Prop_obuf_I_O)         3.728     7.602 r  Yout_OBUF[2]_inst/O
                         net (fo=0)                   0.000     7.602    Yout[2]
    J13                                                               r  Yout[2] (OUT)
  -------------------------------------------------------------------    -------------------





Min Delay Paths
--------------------------------------------------------------------------------------
Slack:                    inf
  Source:                 rgbRight/clk2_reg/C
                            (rising edge-triggered cell FDSE)
  Destination:            rgbRight/clk2_reg/D
  Path Group:             (none)
  Path Type:              Min at Fast Process Corner
  Data Path Delay:        0.353ns  (logic 0.186ns (52.691%)  route 0.167ns (47.309%))
  Logic Levels:           2  (FDSE=1 LUT6=1)

    Location             Delay type                Incr(ns)  Path(ns)    Netlist Resource(s)
  -------------------------------------------------------------------    -------------------
    SLICE_X3Y96          FDSE                         0.000     0.000 r  rgbRight/clk2_reg/C
    SLICE_X3Y96          FDSE (Prop_fdse_C_Q)         0.141     0.141 r  rgbRight/clk2_reg/Q
                         net (fo=2, routed)           0.167     0.308    rgbRight/clk2
    SLICE_X3Y96          LUT6 (Prop_lut6_I0_O)        0.045     0.353 r  rgbRight/clk2_i_1__0/O
                         net (fo=1, routed)           0.000     0.353    rgbRight/clk2_i_1__0_n_0
    SLICE_X3Y96          FDSE                                         r  rgbRight/clk2_reg/D
  -------------------------------------------------------------------    -------------------

Slack:                    inf
  Source:                 div/BUF_reg[11]/C
                            (rising edge-triggered cell FDRE)
  Destination:            div/BUF_reg[11]/D
  Path Group:             (none)
  Path Type:              Min at Fast Process Corner
  Data Path Delay:        0.357ns  (logic 0.249ns (69.714%)  route 0.108ns (30.286%))
  Logic Levels:           2  (CARRY4=1 FDRE=1)

    Location             Delay type                Incr(ns)  Path(ns)    Netlist Resource(s)
  -------------------------------------------------------------------    -------------------
    SLICE_X13Y84         FDRE                         0.000     0.000 r  div/BUF_reg[11]/C
    SLICE_X13Y84         FDRE (Prop_fdre_C_Q)         0.141     0.141 r  div/BUF_reg[11]/Q
                         net (fo=1, routed)           0.108     0.249    div/BUF_reg_n_0_[11]
    SLICE_X13Y84         CARRY4 (Prop_carry4_S[3]_O[3])
                                                      0.108     0.357 r  div/BUF_reg[8]_i_1/O[3]
                         net (fo=1, routed)           0.000     0.357    div/BUF_reg[8]_i_1_n_4
    SLICE_X13Y84         FDRE                                         r  div/BUF_reg[11]/D
  -------------------------------------------------------------------    -------------------

Slack:                    inf
  Source:                 div/BUF_reg[15]/C
                            (rising edge-triggered cell FDRE)
  Destination:            div/BUF_reg[15]/D
  Path Group:             (none)
  Path Type:              Min at Fast Process Corner
  Data Path Delay:        0.357ns  (logic 0.249ns (69.714%)  route 0.108ns (30.286%))
  Logic Levels:           2  (CARRY4=1 FDRE=1)

    Location             Delay type                Incr(ns)  Path(ns)    Netlist Resource(s)
  -------------------------------------------------------------------    -------------------
    SLICE_X13Y85         FDRE                         0.000     0.000 r  div/BUF_reg[15]/C
    SLICE_X13Y85         FDRE (Prop_fdre_C_Q)         0.141     0.141 r  div/BUF_reg[15]/Q
                         net (fo=1, routed)           0.108     0.249    div/BUF_reg_n_0_[15]
    SLICE_X13Y85         CARRY4 (Prop_carry4_S[3]_O[3])
                                                      0.108     0.357 r  div/BUF_reg[12]_i_1/O[3]
                         net (fo=1, routed)           0.000     0.357    div/BUF_reg[12]_i_1_n_4
    SLICE_X13Y85         FDRE                                         r  div/BUF_reg[15]/D
  -------------------------------------------------------------------    -------------------

Slack:                    inf
  Source:                 div/BUF_reg[19]/C
                            (rising edge-triggered cell FDRE)
  Destination:            div/BUF_reg[19]/D
  Path Group:             (none)
  Path Type:              Min at Fast Process Corner
  Data Path Delay:        0.357ns  (logic 0.249ns (69.714%)  route 0.108ns (30.286%))
  Logic Levels:           2  (CARRY4=1 FDRE=1)

    Location             Delay type                Incr(ns)  Path(ns)    Netlist Resource(s)
  -------------------------------------------------------------------    -------------------
    SLICE_X13Y86         FDRE                         0.000     0.000 r  div/BUF_reg[19]/C
    SLICE_X13Y86         FDRE (Prop_fdre_C_Q)         0.141     0.141 r  div/BUF_reg[19]/Q
                         net (fo=1, routed)           0.108     0.249    div/BUF_reg_n_0_[19]
    SLICE_X13Y86         CARRY4 (Prop_carry4_S[3]_O[3])
                                                      0.108     0.357 r  div/BUF_reg[16]_i_1/O[3]
                         net (fo=1, routed)           0.000     0.357    div/BUF_reg[16]_i_1_n_4
    SLICE_X13Y86         FDRE                                         r  div/BUF_reg[19]/D
  -------------------------------------------------------------------    -------------------

Slack:                    inf
  Source:                 div/BUF_reg[3]/C
                            (rising edge-triggered cell FDRE)
  Destination:            div/BUF_reg[3]/D
  Path Group:             (none)
  Path Type:              Min at Fast Process Corner
  Data Path Delay:        0.357ns  (logic 0.249ns (69.714%)  route 0.108ns (30.286%))
  Logic Levels:           2  (CARRY4=1 FDRE=1)

    Location             Delay type                Incr(ns)  Path(ns)    Netlist Resource(s)
  -------------------------------------------------------------------    -------------------
    SLICE_X13Y82         FDRE                         0.000     0.000 r  div/BUF_reg[3]/C
    SLICE_X13Y82         FDRE (Prop_fdre_C_Q)         0.141     0.141 r  div/BUF_reg[3]/Q
                         net (fo=1, routed)           0.108     0.249    div/BUF_reg_n_0_[3]
    SLICE_X13Y82         CARRY4 (Prop_carry4_S[3]_O[3])
                                                      0.108     0.357 r  div/BUF_reg[0]_i_1/O[3]
                         net (fo=1, routed)           0.000     0.357    div/BUF_reg[0]_i_1_n_4
    SLICE_X13Y82         FDRE                                         r  div/BUF_reg[3]/D
  -------------------------------------------------------------------    -------------------

Slack:                    inf
  Source:                 div/BUF_reg[7]/C
                            (rising edge-triggered cell FDRE)
  Destination:            div/BUF_reg[7]/D
  Path Group:             (none)
  Path Type:              Min at Fast Process Corner
  Data Path Delay:        0.357ns  (logic 0.249ns (69.714%)  route 0.108ns (30.286%))
  Logic Levels:           2  (CARRY4=1 FDRE=1)

    Location             Delay type                Incr(ns)  Path(ns)    Netlist Resource(s)
  -------------------------------------------------------------------    -------------------
    SLICE_X13Y83         FDRE                         0.000     0.000 r  div/BUF_reg[7]/C
    SLICE_X13Y83         FDRE (Prop_fdre_C_Q)         0.141     0.141 r  div/BUF_reg[7]/Q
                         net (fo=1, routed)           0.108     0.249    div/BUF_reg_n_0_[7]
    SLICE_X13Y83         CARRY4 (Prop_carry4_S[3]_O[3])
                                                      0.108     0.357 r  div/BUF_reg[4]_i_1/O[3]
                         net (fo=1, routed)           0.000     0.357    div/BUF_reg[4]_i_1_n_4
    SLICE_X13Y83         FDRE                                         r  div/BUF_reg[7]/D
  -------------------------------------------------------------------    -------------------

Slack:                    inf
  Source:                 JackMach/current_state_reg[0]/C
                            (rising edge-triggered cell FDCE)
  Destination:            JackMach/last_state_reg[0]/D
  Path Group:             (none)
  Path Type:              Min at Fast Process Corner
  Data Path Delay:        0.361ns  (logic 0.141ns (39.106%)  route 0.220ns (60.894%))
  Logic Levels:           1  (FDCE=1)

    Location             Delay type                Incr(ns)  Path(ns)    Netlist Resource(s)
  -------------------------------------------------------------------    -------------------
    SLICE_X4Y83          FDCE                         0.000     0.000 r  JackMach/current_state_reg[0]/C
    SLICE_X4Y83          FDCE (Prop_fdce_C_Q)         0.141     0.141 r  JackMach/current_state_reg[0]/Q
                         net (fo=20, routed)          0.220     0.361    JackMach/current_state[0]
    SLICE_X4Y83          FDCE                                         r  JackMach/last_state_reg[0]/D
  -------------------------------------------------------------------    -------------------

Slack:                    inf
  Source:                 div/BUF_reg[16]/C
                            (rising edge-triggered cell FDRE)
  Destination:            div/BUF_reg[16]/D
  Path Group:             (none)
  Path Type:              Min at Fast Process Corner
  Data Path Delay:        0.361ns  (logic 0.256ns (70.880%)  route 0.105ns (29.120%))
  Logic Levels:           2  (CARRY4=1 FDRE=1)

    Location             Delay type                Incr(ns)  Path(ns)    Netlist Resource(s)
  -------------------------------------------------------------------    -------------------
    SLICE_X13Y86         FDRE                         0.000     0.000 r  div/BUF_reg[16]/C
    SLICE_X13Y86         FDRE (Prop_fdre_C_Q)         0.141     0.141 r  div/BUF_reg[16]/Q
                         net (fo=1, routed)           0.105     0.246    div/BUF_reg_n_0_[16]
    SLICE_X13Y86         CARRY4 (Prop_carry4_S[0]_O[0])
                                                      0.115     0.361 r  div/BUF_reg[16]_i_1/O[0]
                         net (fo=1, routed)           0.000     0.361    div/BUF_reg[16]_i_1_n_7
    SLICE_X13Y86         FDRE                                         r  div/BUF_reg[16]/D
  -------------------------------------------------------------------    -------------------

Slack:                    inf
  Source:                 div/BUF_reg[4]/C
                            (rising edge-triggered cell FDRE)
  Destination:            div/BUF_reg[4]/D
  Path Group:             (none)
  Path Type:              Min at Fast Process Corner
  Data Path Delay:        0.361ns  (logic 0.256ns (70.880%)  route 0.105ns (29.120%))
  Logic Levels:           2  (CARRY4=1 FDRE=1)

    Location             Delay type                Incr(ns)  Path(ns)    Netlist Resource(s)
  -------------------------------------------------------------------    -------------------
    SLICE_X13Y83         FDRE                         0.000     0.000 r  div/BUF_reg[4]/C
    SLICE_X13Y83         FDRE (Prop_fdre_C_Q)         0.141     0.141 r  div/BUF_reg[4]/Q
                         net (fo=1, routed)           0.105     0.246    div/BUF_reg_n_0_[4]
    SLICE_X13Y83         CARRY4 (Prop_carry4_S[0]_O[0])
                                                      0.115     0.361 r  div/BUF_reg[4]_i_1/O[0]
                         net (fo=1, routed)           0.000     0.361    div/BUF_reg[4]_i_1_n_7
    SLICE_X13Y83         FDRE                                         r  div/BUF_reg[4]/D
  -------------------------------------------------------------------    -------------------

Slack:                    inf
  Source:                 div/BUF_reg[8]/C
                            (rising edge-triggered cell FDRE)
  Destination:            div/BUF_reg[8]/D
  Path Group:             (none)
  Path Type:              Min at Fast Process Corner
  Data Path Delay:        0.361ns  (logic 0.256ns (70.880%)  route 0.105ns (29.120%))
  Logic Levels:           2  (CARRY4=1 FDRE=1)

    Location             Delay type                Incr(ns)  Path(ns)    Netlist Resource(s)
  -------------------------------------------------------------------    -------------------
    SLICE_X13Y84         FDRE                         0.000     0.000 r  div/BUF_reg[8]/C
    SLICE_X13Y84         FDRE (Prop_fdre_C_Q)         0.141     0.141 r  div/BUF_reg[8]/Q
                         net (fo=1, routed)           0.105     0.246    div/BUF_reg_n_0_[8]
    SLICE_X13Y84         CARRY4 (Prop_carry4_S[0]_O[0])
                                                      0.115     0.361 r  div/BUF_reg[8]_i_1/O[0]
                         net (fo=1, routed)           0.000     0.361    div/BUF_reg[8]_i_1_n_7
    SLICE_X13Y84         FDRE                                         r  div/BUF_reg[8]/D
  -------------------------------------------------------------------    -------------------





