#-----------------------------------------------------------
# Vivado v2024.2 (64-bit)
# SW Build 5239630 on Fri Nov 08 22:35:27 MST 2024
# IP Build 5239520 on Sun Nov 10 16:12:51 MST 2024
# SharedData Build 5239561 on Fri Nov 08 14:39:27 MST 2024
# Start of session at: Mon Nov 24 09:20:38 2025
# Process ID         : 37220
# Current directory  : C:/Users/jakub/Documents/PWr/Semester 7/Jackpot_project - Jakub Staudt - fully working Jackpot - final project V2 -Copy2/project_10rgb/Jackpot_project_Jakub_Staudt/project_8.runs/impl_1
# Command line       : vivado.exe -log main.vdi -applog -product Vivado -messageDb vivado.pb -mode batch -source main.tcl -notrace
# Log file           : C:/Users/jakub/Documents/PWr/Semester 7/Jackpot_project - Jakub Staudt - fully working Jackpot - final project V2 -Copy2/project_10rgb/Jackpot_project_Jakub_Staudt/project_8.runs/impl_1/main.vdi
# Journal file       : C:/Users/jakub/Documents/PWr/Semester 7/Jackpot_project - Jakub Staudt - fully working Jackpot - final project V2 -Copy2/project_10rgb/Jackpot_project_Jakub_Staudt/project_8.runs/impl_1\vivado.jou
# Running On         : Kuby_Komputer
# Platform           : Windows Server 2016 or Windows 10
# Operating System   : 26100
# Processor Detail   : AMD Ryzen 7 5800H with Radeon Graphics         
# CPU Frequency      : 3194 MHz
# CPU Physical cores : 8
# CPU Logical cores  : 16
# Host memory        : 34204 MB
# Swap memory        : 9126 MB
# Total Virtual      : 43331 MB
# Available Virtual  : 16388 MB
#-----------------------------------------------------------
source main.tcl -notrace
